// Jest Snapshot v1, https://goo.gl/fbAQLP

exports[`<Posts/> should match snap shot 1`] = `
<div
  class="posts"
>
  <div
    class="post"
  >
    <img
      alt="test 1"
      src="http//:test/1"
    />
    <div
      class="post-content"
    >
      <h2>
        test 1
         
        1
      </h2>
      <p>
        little test 1
      </p>
    </div>
  </div>
  <div
    class="post"
  >
    <img
      alt="test 2"
      src="http//:test/2"
    />
    <div
      class="post-content"
    >
      <h2>
        test 2
         
        2
      </h2>
      <p>
        little test 2
      </p>
    </div>
  </div>
  <div
    class="post"
  >
    <img
      alt="test 3"
      src="http//:test/3"
    />
    <div
      class="post-content"
    >
      <h2>
        test 3
         
        3
      </h2>
      <p>
        little test 3
      </p>
    </div>
  </div>
</div>
`;
